Component: ARM Compiler 5.05 update 1 (build 106) Tool: armlink [4d0efa]

==============================================================================

Section Cross References

    startup_stm32f10x_md.o(RESET) refers to startup_stm32f10x_md.o(STACK) for __initial_sp
    startup_stm32f10x_md.o(RESET) refers to startup_stm32f10x_md.o(.text) for Reset_Handler
    startup_stm32f10x_md.o(RESET) refers to stm32f10x_it.o(.text) for NMI_Handler
    startup_stm32f10x_md.o(.text) refers to system_stm32f10x.o(.text) for SystemInit
    startup_stm32f10x_md.o(.text) refers to entry.o(.ARM.Collect$$$$00000000) for __main
    main.o(.text) refers to f2d.o(.text) for __aeabi_f2d
    main.o(.text) refers to dmul.o(.text) for __aeabi_dmul
    main.o(.text) refers to dadd.o(.text) for __aeabi_dadd
    main.o(.text) refers to d2f.o(.text) for __aeabi_d2f
    main.o(.text) refers to asin.o(i.asin) for asin
    main.o(.text) refers to fadd.o(.text) for __aeabi_frsub
    main.o(.text) refers to cfcmple.o(.text) for __aeabi_cfcmple
    main.o(.text) refers to atan2f.o(i.atan2f) for atan2f
    main.o(.text) refers to ddiv.o(.text) for __aeabi_ddiv
    main.o(.text) refers to cos.o(i.cos) for cos
    main.o(.text) refers to sin.o(i.sin) for sin
    main.o(.text) refers to sqrt.o(i.sqrt) for sqrt
    main.o(.text) refers to memcpya.o(.text) for __aeabi_memcpy
    main.o(.text) refers to systick.o(.text) for SYSTICK_Init
    main.o(.text) refers to usart.o(.text) for USART1_Config
    main.o(.text) refers to led.o(.text) for LED_GPIO_Config
    main.o(.text) refers to i2c.o(.text) for I2C_Configuration
    main.o(.text) refers to main.o(.bss) for m_mavlink_status
    main.o(.text) refers to main.o(.constdata) for mavlink_message_crcs
    stm32f10x_it.o(.text) refers to stm32f10x_it.o(.data) for nTime
    stm32f10x_adc.o(.text) refers to stm32f10x_rcc.o(.text) for RCC_APB2PeriphResetCmd
    stm32f10x_bkp.o(.text) refers to stm32f10x_rcc.o(.text) for RCC_BackupResetCmd
    stm32f10x_can.o(.text) refers to stm32f10x_rcc.o(.text) for RCC_APB1PeriphResetCmd
    stm32f10x_cec.o(.text) refers to stm32f10x_rcc.o(.text) for RCC_APB1PeriphResetCmd
    stm32f10x_dac.o(.text) refers to stm32f10x_rcc.o(.text) for RCC_APB1PeriphResetCmd
    stm32f10x_gpio.o(.text) refers to stm32f10x_rcc.o(.text) for RCC_APB2PeriphResetCmd
    stm32f10x_i2c.o(.text) refers to stm32f10x_rcc.o(.text) for RCC_APB1PeriphResetCmd
    stm32f10x_pwr.o(.text) refers to stm32f10x_rcc.o(.text) for RCC_APB1PeriphResetCmd
    stm32f10x_rcc.o(.text) refers to stm32f10x_rcc.o(.data) for APBAHBPrescTable
    stm32f10x_spi.o(.text) refers to stm32f10x_rcc.o(.text) for RCC_APB2PeriphResetCmd
    stm32f10x_tim.o(.text) refers to stm32f10x_rcc.o(.text) for RCC_APB2PeriphResetCmd
    stm32f10x_usart.o(.text) refers to stm32f10x_rcc.o(.text) for RCC_APB2PeriphResetCmd
    stm32f10x_wwdg.o(.text) refers to stm32f10x_rcc.o(.text) for RCC_APB1PeriphResetCmd
    system_stm32f10x.o(.text) refers to system_stm32f10x.o(.data) for SystemCoreClock
    led.o(.text) refers to stm32f10x_rcc.o(.text) for RCC_APB2PeriphClockCmd
    led.o(.text) refers to stm32f10x_gpio.o(.text) for GPIO_Init
    systick.o(.text) refers to system_stm32f10x.o(.data) for SystemCoreClock
    systick.o(.text) refers to stm32f10x_it.o(.data) for nTime
    usart.o(.text) refers to stm32f10x_rcc.o(.text) for RCC_APB2PeriphClockCmd
    usart.o(.text) refers to stm32f10x_gpio.o(.text) for GPIO_Init
    usart.o(.text) refers to stm32f10x_usart.o(.text) for USART_Init
    i2c.o(.text) refers to stm32f10x_rcc.o(.text) for RCC_APB2PeriphClockCmd
    i2c.o(.text) refers to stm32f10x_gpio.o(.text) for GPIO_Init
    i2c.o(.text) refers to systick.o(.text) for delay_us
    ks103.o(.text) refers to i2c.o(.text) for I2C_Start
    ks103.o(.text) refers to systick.o(.text) for delay_us
    ks103.o(.text) refers to stm32f10x_gpio.o(.text) for GPIO_ReadInputDataBit
    asin.o(i.__softfp_asin) refers (Special) to iusefp.o(.text) for __I$use$fp
    asin.o(i.__softfp_asin) refers to asin.o(i.asin) for asin
    asin.o(i.asin) refers (Special) to iusefp.o(.text) for __I$use$fp
    asin.o(i.asin) refers to dunder.o(i.__mathlib_dbl_infnan) for __mathlib_dbl_infnan
    asin.o(i.asin) refers to dmul.o(.text) for __aeabi_dmul
    asin.o(i.asin) refers to dadd.o(.text) for __aeabi_dadd
    asin.o(i.asin) refers to errno.o(i.__set_errno) for __set_errno
    asin.o(i.asin) refers to dunder.o(i.__mathlib_dbl_invalid) for __mathlib_dbl_invalid
    asin.o(i.asin) refers to fpclassify.o(i.__ARM_fpclassify) for __ARM_fpclassify
    asin.o(i.asin) refers to dunder.o(i.__mathlib_dbl_underflow) for __mathlib_dbl_underflow
    asin.o(i.asin) refers to poly.o(i.__kernel_poly) for __kernel_poly
    asin.o(i.asin) refers to ddiv.o(.text) for __aeabi_ddiv
    asin.o(i.asin) refers to dscalb.o(.text) for __ARM_scalbn
    asin.o(i.asin) refers to sqrt.o(i.sqrt) for sqrt
    asin.o(i.asin) refers to asin.o(.constdata) for .constdata
    asin.o(.constdata) refers (Special) to iusefp.o(.text) for __I$use$fp
    asin_x.o(i.____softfp_asin$lsc) refers (Special) to iusefp.o(.text) for __I$use$fp
    asin_x.o(i.____softfp_asin$lsc) refers to asin_x.o(i.__asin$lsc) for __asin$lsc
    asin_x.o(i.__asin$lsc) refers (Special) to iusefp.o(.text) for __I$use$fp
    asin_x.o(i.__asin$lsc) refers to dunder.o(i.__mathlib_dbl_infnan) for __mathlib_dbl_infnan
    asin_x.o(i.__asin$lsc) refers to dmul.o(.text) for __aeabi_dmul
    asin_x.o(i.__asin$lsc) refers to dadd.o(.text) for __aeabi_dadd
    asin_x.o(i.__asin$lsc) refers to errno.o(i.__set_errno) for __set_errno
    asin_x.o(i.__asin$lsc) refers to poly.o(i.__kernel_poly) for __kernel_poly
    asin_x.o(i.__asin$lsc) refers to ddiv.o(.text) for __aeabi_ddiv
    asin_x.o(i.__asin$lsc) refers to dscalb.o(.text) for __ARM_scalbn
    asin_x.o(i.__asin$lsc) refers to sqrt.o(i.sqrt) for sqrt
    asin_x.o(i.__asin$lsc) refers to asin_x.o(.constdata) for .constdata
    asin_x.o(.constdata) refers (Special) to iusefp.o(.text) for __I$use$fp
    atan2f.o(i.__softfp_atan2f) refers (Special) to iusefp.o(.text) for __I$use$fp
    atan2f.o(i.__softfp_atan2f) refers to atan2f.o(i.atan2f) for atan2f
    atan2f.o(i.atan2f) refers (Special) to iusefp.o(.text) for __I$use$fp
    atan2f.o(i.atan2f) refers to fdiv.o(.text) for __aeabi_fdiv
    atan2f.o(i.atan2f) refers to fpclassifyf.o(i.__ARM_fpclassifyf) for __ARM_fpclassifyf
    atan2f.o(i.atan2f) refers to funder.o(i.__mathlib_flt_underflow) for __mathlib_flt_underflow
    atan2f.o(i.atan2f) refers to fadd.o(.text) for __aeabi_fsub
    atan2f.o(i.atan2f) refers to fmul.o(.text) for __aeabi_fmul
    atan2f.o(i.atan2f) refers to funder.o(i.__mathlib_flt_infnan2) for __mathlib_flt_infnan2
    atan2f_x.o(i.____softfp_atan2f$lsc) refers (Special) to iusefp.o(.text) for __I$use$fp
    atan2f_x.o(i.____softfp_atan2f$lsc) refers to atan2f_x.o(i.__atan2f$lsc) for __atan2f$lsc
    atan2f_x.o(i.__atan2f$lsc) refers (Special) to iusefp.o(.text) for __I$use$fp
    atan2f_x.o(i.__atan2f$lsc) refers to fdiv.o(.text) for __aeabi_fdiv
    atan2f_x.o(i.__atan2f$lsc) refers to fadd.o(.text) for __aeabi_fsub
    atan2f_x.o(i.__atan2f$lsc) refers to fmul.o(.text) for __aeabi_fmul
    atan2f_x.o(i.__atan2f$lsc) refers to funder.o(i.__mathlib_flt_infnan2) for __mathlib_flt_infnan2
    atan2f_x.o(i.__atan2f$lsc) refers to errno.o(i.__set_errno) for __set_errno
    cos.o(i.__softfp_cos) refers (Special) to iusefp.o(.text) for __I$use$fp
    cos.o(i.__softfp_cos) refers to cos.o(i.cos) for cos
    cos.o(i.cos) refers (Special) to iusefp.o(.text) for __I$use$fp
    cos.o(i.cos) refers to errno.o(i.__set_errno) for __set_errno
    cos.o(i.cos) refers to dunder.o(i.__mathlib_dbl_invalid) for __mathlib_dbl_invalid
    cos.o(i.cos) refers to dunder.o(i.__mathlib_dbl_infnan) for __mathlib_dbl_infnan
    cos.o(i.cos) refers to rred.o(i.__ieee754_rem_pio2) for __ieee754_rem_pio2
    cos.o(i.cos) refers to sin_i.o(i.__kernel_sin) for __kernel_sin
    cos.o(i.cos) refers to cos_i.o(i.__kernel_cos) for __kernel_cos
    cos_x.o(i.____softfp_cos$lsc) refers (Special) to iusefp.o(.text) for __I$use$fp
    cos_x.o(i.____softfp_cos$lsc) refers to cos_x.o(i.__cos$lsc) for __cos$lsc
    cos_x.o(i.__cos$lsc) refers (Special) to iusefp.o(.text) for __I$use$fp
    cos_x.o(i.__cos$lsc) refers to errno.o(i.__set_errno) for __set_errno
    cos_x.o(i.__cos$lsc) refers to dunder.o(i.__mathlib_dbl_infnan) for __mathlib_dbl_infnan
    cos_x.o(i.__cos$lsc) refers to rred.o(i.__ieee754_rem_pio2) for __ieee754_rem_pio2
    cos_x.o(i.__cos$lsc) refers to sin_i.o(i.__kernel_sin) for __kernel_sin
    cos_x.o(i.__cos$lsc) refers to cos_i.o(i.__kernel_cos) for __kernel_cos
    sin.o(i.__softfp_sin) refers (Special) to iusefp.o(.text) for __I$use$fp
    sin.o(i.__softfp_sin) refers to sin.o(i.sin) for sin
    sin.o(i.sin) refers (Special) to iusefp.o(.text) for __I$use$fp
    sin.o(i.sin) refers to errno.o(i.__set_errno) for __set_errno
    sin.o(i.sin) refers to dunder.o(i.__mathlib_dbl_invalid) for __mathlib_dbl_invalid
    sin.o(i.sin) refers to dunder.o(i.__mathlib_dbl_infnan) for __mathlib_dbl_infnan
    sin.o(i.sin) refers to rred.o(i.__ieee754_rem_pio2) for __ieee754_rem_pio2
    sin.o(i.sin) refers to cos_i.o(i.__kernel_cos) for __kernel_cos
    sin.o(i.sin) refers to sin_i.o(i.__kernel_sin) for __kernel_sin
    sin_x.o(i.____softfp_sin$lsc) refers (Special) to iusefp.o(.text) for __I$use$fp
    sin_x.o(i.____softfp_sin$lsc) refers to sin_x.o(i.__sin$lsc) for __sin$lsc
    sin_x.o(i.__sin$lsc) refers (Special) to iusefp.o(.text) for __I$use$fp
    sin_x.o(i.__sin$lsc) refers to errno.o(i.__set_errno) for __set_errno
    sin_x.o(i.__sin$lsc) refers to dunder.o(i.__mathlib_dbl_infnan) for __mathlib_dbl_infnan
    sin_x.o(i.__sin$lsc) refers to rred.o(i.__ieee754_rem_pio2) for __ieee754_rem_pio2
    sin_x.o(i.__sin$lsc) refers to cos_i.o(i.__kernel_cos) for __kernel_cos
    sin_x.o(i.__sin$lsc) refers to sin_i.o(i.__kernel_sin) for __kernel_sin
    sqrt.o(i.__softfp_sqrt) refers (Special) to iusefp.o(.text) for __I$use$fp
    sqrt.o(i.__softfp_sqrt) refers to dsqrt.o(.text) for _dsqrt
    sqrt.o(i.__softfp_sqrt) refers to errno.o(i.__set_errno) for __set_errno
    sqrt.o(i.sqrt) refers (Special) to iusefp.o(.text) for __I$use$fp
    sqrt.o(i.sqrt) refers to dsqrt.o(.text) for _dsqrt
    sqrt.o(i.sqrt) refers to errno.o(i.__set_errno) for __set_errno
    sqrt_x.o(i.____softfp_sqrt$lsc) refers (Special) to iusefp.o(.text) for __I$use$fp
    sqrt_x.o(i.____softfp_sqrt$lsc) refers to cdcmple.o(.text) for __aeabi_cdcmple
    sqrt_x.o(i.____softfp_sqrt$lsc) refers to errno.o(i.__set_errno) for __set_errno
    sqrt_x.o(i.____softfp_sqrt$lsc) refers to dsqrt.o(.text) for _dsqrt
    sqrt_x.o(i.__sqrt$lsc) refers (Special) to iusefp.o(.text) for __I$use$fp
    sqrt_x.o(i.__sqrt$lsc) refers to cdcmple.o(.text) for __aeabi_cdcmple
    sqrt_x.o(i.__sqrt$lsc) refers to errno.o(i.__set_errno) for __set_errno
    sqrt_x.o(i.__sqrt$lsc) refers to dsqrt.o(.text) for _dsqrt
    entry.o(.ARM.Collect$$$$00000000) refers (Special) to entry10a.o(.ARM.Collect$$$$0000000D) for __rt_final_cpp
    entry.o(.ARM.Collect$$$$00000000) refers (Special) to entry11a.o(.ARM.Collect$$$$0000000F) for __rt_final_exit
    entry.o(.ARM.Collect$$$$00000000) refers (Special) to entry7b.o(.ARM.Collect$$$$00000008) for _main_clock
    entry.o(.ARM.Collect$$$$00000000) refers (Special) to entry8b.o(.ARM.Collect$$$$0000000A) for _main_cpp_init
    entry.o(.ARM.Collect$$$$00000000) refers (Special) to entry9a.o(.ARM.Collect$$$$0000000B) for _main_init
    entry.o(.ARM.Collect$$$$00000000) refers (Special) to entry5.o(.ARM.Collect$$$$00000004) for _main_scatterload
    entry.o(.ARM.Collect$$$$00000000) refers (Special) to entry2.o(.ARM.Collect$$$$00000001) for _main_stk
    fadd.o(.text) refers (Special) to iusefp.o(.text) for __I$use$fp
    fadd.o(.text) refers to fepilogue.o(.text) for _float_epilogue
    dadd.o(.text) refers (Special) to iusefp.o(.text) for __I$use$fp
    dadd.o(.text) refers to llshl.o(.text) for __aeabi_llsl
    dadd.o(.text) refers to llsshr.o(.text) for __aeabi_lasr
    dadd.o(.text) refers to depilogue.o(.text) for _double_epilogue
    dmul.o(.text) refers (Special) to iusefp.o(.text) for __I$use$fp
    dmul.o(.text) refers to depilogue.o(.text) for _double_epilogue
    ddiv.o(.text) refers (Special) to iusefp.o(.text) for __I$use$fp
    ddiv.o(.text) refers to depilogue.o(.text) for _double_round
    f2d.o(.text) refers (Special) to iusefp.o(.text) for __I$use$fp
    d2f.o(.text) refers (Special) to iusefp.o(.text) for __I$use$fp
    d2f.o(.text) refers to fepilogue.o(.text) for _float_round
    cfcmple.o(.text) refers (Special) to iusefp.o(.text) for __I$use$fp
    cos_i.o(i.__kernel_cos) refers (Special) to iusefp.o(.text) for __I$use$fp
    cos_i.o(i.__kernel_cos) refers to dfixi.o(.text) for __aeabi_d2iz
    cos_i.o(i.__kernel_cos) refers to dmul.o(.text) for __aeabi_dmul
    cos_i.o(i.__kernel_cos) refers to poly.o(i.__kernel_poly) for __kernel_poly
    cos_i.o(i.__kernel_cos) refers to dadd.o(.text) for __aeabi_dsub
    cos_i.o(i.__kernel_cos) refers to dscalb.o(.text) for __ARM_scalbn
    cos_i.o(i.__kernel_cos) refers to cos_i.o(.constdata) for .constdata
    cos_i.o(.constdata) refers (Special) to iusefp.o(.text) for __I$use$fp
    dunder.o(i.__mathlib_dbl_divzero) refers to ddiv.o(.text) for __aeabi_ddiv
    dunder.o(i.__mathlib_dbl_infnan) refers to dscalb.o(.text) for __ARM_scalbn
    dunder.o(i.__mathlib_dbl_infnan2) refers to dadd.o(.text) for __aeabi_dadd
    dunder.o(i.__mathlib_dbl_invalid) refers to ddiv.o(.text) for __aeabi_ddiv
    dunder.o(i.__mathlib_dbl_overflow) refers to dscalb.o(.text) for __ARM_scalbn
    dunder.o(i.__mathlib_dbl_posinfnan) refers to dmul.o(.text) for __aeabi_dmul
    dunder.o(i.__mathlib_dbl_underflow) refers to dscalb.o(.text) for __ARM_scalbn
    fpclassify.o(i.__ARM_fpclassify) refers (Special) to iusefp.o(.text) for __I$use$fp
    fpclassifyf.o(i.__ARM_fpclassifyf) refers (Special) to iusefp.o(.text) for __I$use$fp
    funder.o(i.__mathlib_flt_divzero) refers to fdiv.o(.text) for __aeabi_fdiv
    funder.o(i.__mathlib_flt_infnan) refers to fscalb.o(.text) for __ARM_scalbnf
    funder.o(i.__mathlib_flt_infnan2) refers to fadd.o(.text) for __aeabi_fadd
    funder.o(i.__mathlib_flt_invalid) refers to fdiv.o(.text) for __aeabi_fdiv
    funder.o(i.__mathlib_flt_overflow) refers to fscalb.o(.text) for __ARM_scalbnf
    funder.o(i.__mathlib_flt_posinfnan) refers to fmul.o(.text) for __aeabi_fmul
    funder.o(i.__mathlib_flt_underflow) refers to fscalb.o(.text) for __ARM_scalbnf
    poly.o(i.__kernel_poly) refers (Special) to iusefp.o(.text) for __I$use$fp
    poly.o(i.__kernel_poly) refers to dmul.o(.text) for __aeabi_dmul
    poly.o(i.__kernel_poly) refers to dadd.o(.text) for __aeabi_dadd
    rred.o(i.__ieee754_rem_pio2) refers (Special) to iusefp.o(.text) for __I$use$fp
    rred.o(i.__ieee754_rem_pio2) refers to dadd.o(.text) for __aeabi_dsub
    rred.o(i.__ieee754_rem_pio2) refers to dmul.o(.text) for __aeabi_dmul
    rred.o(i.__ieee754_rem_pio2) refers to dfixi.o(.text) for __aeabi_d2iz
    rred.o(i.__ieee754_rem_pio2) refers to dflti.o(.text) for __aeabi_i2d
    rred.o(i.__ieee754_rem_pio2) refers to dfltui.o(.text) for __aeabi_ui2d
    rred.o(i.__ieee754_rem_pio2) refers to dscalb.o(.text) for __ARM_scalbn
    rred.o(i.__ieee754_rem_pio2) refers to rred.o(.constdata) for .constdata
    rred.o(i.__use_accurate_range_reduction) refers (Special) to iusefp.o(.text) for __I$use$fp
    rred.o(.constdata) refers (Special) to iusefp.o(.text) for __I$use$fp
    sin_i.o(i.__kernel_sin) refers (Special) to iusefp.o(.text) for __I$use$fp
    sin_i.o(i.__kernel_sin) refers to fpclassify.o(i.__ARM_fpclassify) for __ARM_fpclassify
    sin_i.o(i.__kernel_sin) refers to dunder.o(i.__mathlib_dbl_underflow) for __mathlib_dbl_underflow
    sin_i.o(i.__kernel_sin) refers to dmul.o(.text) for __aeabi_dmul
    sin_i.o(i.__kernel_sin) refers to poly.o(i.__kernel_poly) for __kernel_poly
    sin_i.o(i.__kernel_sin) refers to dscalb.o(.text) for __ARM_scalbn
    sin_i.o(i.__kernel_sin) refers to dadd.o(.text) for __aeabi_dsub
    sin_i.o(i.__kernel_sin) refers to sin_i.o(.constdata) for .constdata
    sin_i.o(.constdata) refers (Special) to iusefp.o(.text) for __I$use$fp
    sin_i_x.o(i.____kernel_sin$lsc) refers (Special) to iusefp.o(.text) for __I$use$fp
    sin_i_x.o(i.____kernel_sin$lsc) refers to dmul.o(.text) for __aeabi_dmul
    sin_i_x.o(i.____kernel_sin$lsc) refers to poly.o(i.__kernel_poly) for __kernel_poly
    sin_i_x.o(i.____kernel_sin$lsc) refers to dscalb.o(.text) for __ARM_scalbn
    sin_i_x.o(i.____kernel_sin$lsc) refers to dadd.o(.text) for __aeabi_dsub
    sin_i_x.o(i.____kernel_sin$lsc) refers to sin_i_x.o(.constdata) for .constdata
    sin_i_x.o(.constdata) refers (Special) to iusefp.o(.text) for __I$use$fp
    entry2.o(.ARM.Collect$$$$00000001) refers to entry2.o(.ARM.Collect$$$$00002712) for __lit__00000000
    entry2.o(.ARM.Collect$$$$00002712) refers to startup_stm32f10x_md.o(STACK) for __initial_sp
    entry2.o(__vectab_stack_and_reset_area) refers to startup_stm32f10x_md.o(STACK) for __initial_sp
    entry2.o(__vectab_stack_and_reset_area) refers to entry.o(.ARM.Collect$$$$00000000) for __main
    entry5.o(.ARM.Collect$$$$00000004) refers to init.o(.text) for __scatterload
    entry9a.o(.ARM.Collect$$$$0000000B) refers to main.o(.text) for main
    entry9b.o(.ARM.Collect$$$$0000000C) refers to main.o(.text) for main
    errno.o(i.__aeabi_errno_addr) refers to errno.o(.data) for .data
    errno.o(i.__read_errno) refers to errno.o(.data) for .data
    errno.o(i.__set_errno) refers to errno.o(.data) for .data
    fdiv.o(.text) refers to fepilogue.o(.text) for _float_round
    depilogue.o(.text) refers to llshl.o(.text) for __aeabi_llsl
    depilogue.o(.text) refers to llushr.o(.text) for __aeabi_llsr
    dsqrt.o(.text) refers to llushr.o(.text) for __aeabi_llsr
    dsqrt.o(.text) refers to depilogue.o(.text) for _double_round
    init.o(.text) refers to entry5.o(.ARM.Collect$$$$00000004) for __main_after_scatterload
    dflti.o(.text) refers to depilogue.o(.text) for _double_epilogue
    dfltui.o(.text) refers to depilogue.o(.text) for _double_epilogue
    dfixi.o(.text) refers to llushr.o(.text) for __aeabi_llsr


==============================================================================

Removing Unused input sections from the image.

    Removing startup_stm32f10x_md.o(HEAP), (512 bytes).
    Removing misc.o(.text), (220 bytes).
    Removing stm32f10x_adc.o(.text), (1102 bytes).
    Removing stm32f10x_bkp.o(.text), (196 bytes).
    Removing stm32f10x_can.o(.text), (2544 bytes).
    Removing stm32f10x_cec.o(.text), (288 bytes).
    Removing stm32f10x_crc.o(.text), (72 bytes).
    Removing stm32f10x_dac.o(.text), (396 bytes).
    Removing stm32f10x_dbgmcu.o(.text), (48 bytes).
    Removing stm32f10x_dma.o(.text), (596 bytes).
    Removing stm32f10x_exti.o(.text), (284 bytes).
    Removing stm32f10x_flash.o(.text), (1468 bytes).
    Removing stm32f10x_fsmc.o(.text), (1548 bytes).
    Removing stm32f10x_i2c.o(.text), (1028 bytes).
    Removing stm32f10x_iwdg.o(.text), (64 bytes).
    Removing stm32f10x_pwr.o(.text), (204 bytes).
    Removing stm32f10x_rtc.o(.text), (328 bytes).
    Removing stm32f10x_sdio.o(.text), (468 bytes).
    Removing stm32f10x_spi.o(.text), (780 bytes).
    Removing stm32f10x_tim.o(.text), (3610 bytes).
    Removing stm32f10x_wwdg.o(.text), (136 bytes).
    Removing ks103.o(.text), (308 bytes).
    Removing cdcmple.o(.text), (48 bytes).

23 unused section(s) (total 16248 bytes) removed from the image.

==============================================================================

Image Symbol Table

    Local Symbols

    Symbol Name                              Value     Ov Type        Size  Object(Section)

    ../clib/microlib/errno.c                 0x00000000   Number         0  errno.o ABSOLUTE
    ../clib/microlib/init/entry.s            0x00000000   Number         0  entry11a.o ABSOLUTE
    ../clib/microlib/init/entry.s            0x00000000   Number         0  entry10b.o ABSOLUTE
    ../clib/microlib/init/entry.s            0x00000000   Number         0  entry2.o ABSOLUTE
    ../clib/microlib/init/entry.s            0x00000000   Number         0  entry7a.o ABSOLUTE
    ../clib/microlib/init/entry.s            0x00000000   Number         0  entry7b.o ABSOLUTE
    ../clib/microlib/init/entry.s            0x00000000   Number         0  entry8a.o ABSOLUTE
    ../clib/microlib/init/entry.s            0x00000000   Number         0  entry5.o ABSOLUTE
    ../clib/microlib/init/entry.s            0x00000000   Number         0  entry8b.o ABSOLUTE
    ../clib/microlib/init/entry.s            0x00000000   Number         0  entry9a.o ABSOLUTE
    ../clib/microlib/init/entry.s            0x00000000   Number         0  entry9b.o ABSOLUTE
    ../clib/microlib/init/entry.s            0x00000000   Number         0  entry10a.o ABSOLUTE
    ../clib/microlib/init/entry.s            0x00000000   Number         0  entry11b.o ABSOLUTE
    ../clib/microlib/init/entry.s            0x00000000   Number         0  entry.o ABSOLUTE
    ../clib/microlib/longlong.c              0x00000000   Number         0  llshl.o ABSOLUTE
    ../clib/microlib/longlong.c              0x00000000   Number         0  llushr.o ABSOLUTE
    ../clib/microlib/longlong.c              0x00000000   Number         0  llsshr.o ABSOLUTE
    ../clib/microlib/string/memcpy.c         0x00000000   Number         0  memcpya.o ABSOLUTE
    ../clib/microlib/string/memcpy.c         0x00000000   Number         0  memcpyb.o ABSOLUTE
    ../clib/microlib/stubs.s                 0x00000000   Number         0  iusefp.o ABSOLUTE
    ../fplib/microlib/d2f.c                  0x00000000   Number         0  d2f.o ABSOLUTE
    ../fplib/microlib/f2d.c                  0x00000000   Number         0  f2d.o ABSOLUTE
    ../fplib/microlib/fpadd.c                0x00000000   Number         0  fadd.o ABSOLUTE
    ../fplib/microlib/fpadd.c                0x00000000   Number         0  dadd.o ABSOLUTE
    ../fplib/microlib/fpdiv.c                0x00000000   Number         0  ddiv.o ABSOLUTE
    ../fplib/microlib/fpdiv.c                0x00000000   Number         0  fdiv.o ABSOLUTE
    ../fplib/microlib/fpepilogue.c           0x00000000   Number         0  depilogue.o ABSOLUTE
    ../fplib/microlib/fpepilogue.c           0x00000000   Number         0  fepilogue.o ABSOLUTE
    ../fplib/microlib/fpfix.c                0x00000000   Number         0  dfixi.o ABSOLUTE
    ../fplib/microlib/fpflt.c                0x00000000   Number         0  dflti.o ABSOLUTE
    ../fplib/microlib/fpflt.c                0x00000000   Number         0  dfltui.o ABSOLUTE
    ../fplib/microlib/fpmul.c                0x00000000   Number         0  dmul.o ABSOLUTE
    ../fplib/microlib/fpmul.c                0x00000000   Number         0  fmul.o ABSOLUTE
    ../fplib/microlib/fpscalb.c              0x00000000   Number         0  dscalb.o ABSOLUTE
    ../fplib/microlib/fpscalb.c              0x00000000   Number         0  fscalb.o ABSOLUTE
    ../fplib/microlib/fpsqrt.c               0x00000000   Number         0  dsqrt.o ABSOLUTE
    ../mathlib/asin.c                        0x00000000   Number         0  asin.o ABSOLUTE
    ../mathlib/asin.c                        0x00000000   Number         0  asin_x.o ABSOLUTE
    ../mathlib/atan2f.c                      0x00000000   Number         0  atan2f_x.o ABSOLUTE
    ../mathlib/atan2f.c                      0x00000000   Number         0  atan2f.o ABSOLUTE
    ../mathlib/cos.c                         0x00000000   Number         0  cos.o ABSOLUTE
    ../mathlib/cos.c                         0x00000000   Number         0  cos_x.o ABSOLUTE
    ../mathlib/cos_i.c                       0x00000000   Number         0  cos_i.o ABSOLUTE
    ../mathlib/dunder.c                      0x00000000   Number         0  dunder.o ABSOLUTE
    ../mathlib/fpclassify.c                  0x00000000   Number         0  fpclassify.o ABSOLUTE
    ../mathlib/fpclassifyf.c                 0x00000000   Number         0  fpclassifyf.o ABSOLUTE
    ../mathlib/funder.c                      0x00000000   Number         0  funder.o ABSOLUTE
    ../mathlib/poly.c                        0x00000000   Number         0  poly.o ABSOLUTE
    ../mathlib/rred.c                        0x00000000   Number         0  rred.o ABSOLUTE
    ../mathlib/sin.c                         0x00000000   Number         0  sin.o ABSOLUTE
    ../mathlib/sin.c                         0x00000000   Number         0  sin_x.o ABSOLUTE
    ../mathlib/sin_i.c                       0x00000000   Number         0  sin_i.o ABSOLUTE
    ../mathlib/sin_i.c                       0x00000000   Number         0  sin_i_x.o ABSOLUTE
    ../mathlib/sqrt.c                        0x00000000   Number         0  sqrt_x.o ABSOLUTE
    ../mathlib/sqrt.c                        0x00000000   Number         0  sqrt.o ABSOLUTE
    ..\..\BSP\i2c.c                          0x00000000   Number         0  i2c.o ABSOLUTE
    ..\..\BSP\ks103.c                        0x00000000   Number         0  ks103.o ABSOLUTE
    ..\..\BSP\led.c                          0x00000000   Number         0  led.o ABSOLUTE
    ..\..\BSP\systick.c                      0x00000000   Number         0  systick.o ABSOLUTE
    ..\..\BSP\usart.c                        0x00000000   Number         0  usart.o ABSOLUTE
    ..\..\Libraries\CMSIS\CM3\DeviceSupport\ST\STM32F10x\startup\arm\startup_stm32f10x_md.s 0x00000000   Number         0  startup_stm32f10x_md.o ABSOLUTE
    ..\..\Libraries\CMSIS\CM3\DeviceSupport\ST\STM32F10x\system_stm32f10x.c 0x00000000   Number         0  system_stm32f10x.o ABSOLUTE
    ..\..\Libraries\STM32F10x_StdPeriph_Driver\src\misc.c 0x00000000   Number         0  misc.o ABSOLUTE
    ..\..\Libraries\STM32F10x_StdPeriph_Driver\src\stm32f10x_adc.c 0x00000000   Number         0  stm32f10x_adc.o ABSOLUTE
    ..\..\Libraries\STM32F10x_StdPeriph_Driver\src\stm32f10x_bkp.c 0x00000000   Number         0  stm32f10x_bkp.o ABSOLUTE
    ..\..\Libraries\STM32F10x_StdPeriph_Driver\src\stm32f10x_can.c 0x00000000   Number         0  stm32f10x_can.o ABSOLUTE
    ..\..\Libraries\STM32F10x_StdPeriph_Driver\src\stm32f10x_cec.c 0x00000000   Number         0  stm32f10x_cec.o ABSOLUTE
    ..\..\Libraries\STM32F10x_StdPeriph_Driver\src\stm32f10x_crc.c 0x00000000   Number         0  stm32f10x_crc.o ABSOLUTE
    ..\..\Libraries\STM32F10x_StdPeriph_Driver\src\stm32f10x_dac.c 0x00000000   Number         0  stm32f10x_dac.o ABSOLUTE
    ..\..\Libraries\STM32F10x_StdPeriph_Driver\src\stm32f10x_dbgmcu.c 0x00000000   Number         0  stm32f10x_dbgmcu.o ABSOLUTE
    ..\..\Libraries\STM32F10x_StdPeriph_Driver\src\stm32f10x_dma.c 0x00000000   Number         0  stm32f10x_dma.o ABSOLUTE
    ..\..\Libraries\STM32F10x_StdPeriph_Driver\src\stm32f10x_exti.c 0x00000000   Number         0  stm32f10x_exti.o ABSOLUTE
    ..\..\Libraries\STM32F10x_StdPeriph_Driver\src\stm32f10x_flash.c 0x00000000   Number         0  stm32f10x_flash.o ABSOLUTE
    ..\..\Libraries\STM32F10x_StdPeriph_Driver\src\stm32f10x_fsmc.c 0x00000000   Number         0  stm32f10x_fsmc.o ABSOLUTE
    ..\..\Libraries\STM32F10x_StdPeriph_Driver\src\stm32f10x_gpio.c 0x00000000   Number         0  stm32f10x_gpio.o ABSOLUTE
    ..\..\Libraries\STM32F10x_StdPeriph_Driver\src\stm32f10x_i2c.c 0x00000000   Number         0  stm32f10x_i2c.o ABSOLUTE
    ..\..\Libraries\STM32F10x_StdPeriph_Driver\src\stm32f10x_iwdg.c 0x00000000   Number         0  stm32f10x_iwdg.o ABSOLUTE
    ..\..\Libraries\STM32F10x_StdPeriph_Driver\src\stm32f10x_pwr.c 0x00000000   Number         0  stm32f10x_pwr.o ABSOLUTE
    ..\..\Libraries\STM32F10x_StdPeriph_Driver\src\stm32f10x_rcc.c 0x00000000   Number         0  stm32f10x_rcc.o ABSOLUTE
    ..\..\Libraries\STM32F10x_StdPeriph_Driver\src\stm32f10x_rtc.c 0x00000000   Number         0  stm32f10x_rtc.o ABSOLUTE
    ..\..\Libraries\STM32F10x_StdPeriph_Driver\src\stm32f10x_sdio.c 0x00000000   Number         0  stm32f10x_sdio.o ABSOLUTE
    ..\..\Libraries\STM32F10x_StdPeriph_Driver\src\stm32f10x_spi.c 0x00000000   Number         0  stm32f10x_spi.o ABSOLUTE
    ..\..\Libraries\STM32F10x_StdPeriph_Driver\src\stm32f10x_tim.c 0x00000000   Number         0  stm32f10x_tim.o ABSOLUTE
    ..\..\Libraries\STM32F10x_StdPeriph_Driver\src\stm32f10x_usart.c 0x00000000   Number         0  stm32f10x_usart.o ABSOLUTE
    ..\..\Libraries\STM32F10x_StdPeriph_Driver\src\stm32f10x_wwdg.c 0x00000000   Number         0  stm32f10x_wwdg.o ABSOLUTE
    ..\main.c                                0x00000000   Number         0  main.o ABSOLUTE
    ..\stm32f10x_it.c                        0x00000000   Number         0  stm32f10x_it.o ABSOLUTE
    cdcmple.s                                0x00000000   Number         0  cdcmple.o ABSOLUTE
    cfcmple.s                                0x00000000   Number         0  cfcmple.o ABSOLUTE
    dc.s                                     0x00000000   Number         0  dc.o ABSOLUTE
    handlers.s                               0x00000000   Number         0  handlers.o ABSOLUTE
    init.s                                   0x00000000   Number         0  init.o ABSOLUTE
    RESET                                    0x08000000   Section      236  startup_stm32f10x_md.o(RESET)
    .ARM.Collect$$$$00000000                 0x080000ec   Section        0  entry.o(.ARM.Collect$$$$00000000)
    .ARM.Collect$$$$00000001                 0x080000ec   Section        4  entry2.o(.ARM.Collect$$$$00000001)
    .ARM.Collect$$$$00000004                 0x080000f0   Section        4  entry5.o(.ARM.Collect$$$$00000004)
    .ARM.Collect$$$$00000008                 0x080000f4   Section        0  entry7b.o(.ARM.Collect$$$$00000008)
    .ARM.Collect$$$$0000000A                 0x080000f4   Section        0  entry8b.o(.ARM.Collect$$$$0000000A)
    .ARM.Collect$$$$0000000B                 0x080000f4   Section        8  entry9a.o(.ARM.Collect$$$$0000000B)
    .ARM.Collect$$$$0000000D                 0x080000fc   Section        0  entry10a.o(.ARM.Collect$$$$0000000D)
    .ARM.Collect$$$$0000000F                 0x080000fc   Section        0  entry11a.o(.ARM.Collect$$$$0000000F)
    .ARM.Collect$$$$00002712                 0x080000fc   Section        4  entry2.o(.ARM.Collect$$$$00002712)
    __lit__00000000                          0x080000fc   Data           4  entry2.o(.ARM.Collect$$$$00002712)
    .text                                    0x08000100   Section       36  startup_stm32f10x_md.o(.text)
    .text                                    0x08000124   Section        0  main.o(.text)
    crc_accumulate                           0x08000125   Thumb Code    34  main.o(.text)
    crc_init                                 0x08000147   Thumb Code     8  main.o(.text)
    crc_calculate                            0x0800014f   Thumb Code    40  main.o(.text)
    crc_accumulate_buffer                    0x08000177   Thumb Code    38  main.o(.text)
    mavlink_quaternion_to_dcm                0x0800019d   Thumb Code   668  main.o(.text)
    mavlink_dcm_to_euler                     0x08000439   Thumb Code   232  main.o(.text)
    mavlink_quaternion_to_euler              0x08000521   Thumb Code    36  main.o(.text)
    mavlink_euler_to_quaternion              0x08000545   Thumb Code   512  main.o(.text)
    mavlink_dcm_to_quaternion                0x08000745   Thumb Code   284  main.o(.text)
    mavlink_euler_to_dcm                     0x08000861   Thumb Code   510  main.o(.text)
    mavlink_get_channel_status               0x08000a5f   Thumb Code    14  main.o(.text)
    mavlink_get_channel_buffer               0x08000a6d   Thumb Code    14  main.o(.text)
    mavlink_reset_channel_status             0x08000a7b   Thumb Code    18  main.o(.text)
    mavlink_finalize_message_chan            0x08000a8d   Thumb Code   124  main.o(.text)
    mavlink_finalize_message                 0x08000b09   Thumb Code    36  main.o(.text)
    mavlink_msg_to_send_buffer               0x08000b2d   Thumb Code    42  main.o(.text)
    mavlink_start_checksum                   0x08000b57   Thumb Code    12  main.o(.text)
    mavlink_update_checksum                  0x08000b63   Thumb Code    16  main.o(.text)
    mavlink_parse_char                       0x08000b73   Thumb Code   426  main.o(.text)
    put_bitfield_n_by_index                  0x08000d1d   Thumb Code   136  main.o(.text)
    .text                                    0x08000df4   Section        0  stm32f10x_it.o(.text)
    .text                                    0x08000e24   Section        0  stm32f10x_gpio.o(.text)
    .text                                    0x08001180   Section        0  stm32f10x_rcc.o(.text)
    .text                                    0x08001524   Section        0  stm32f10x_usart.o(.text)
    .text                                    0x0800192c   Section        0  system_stm32f10x.o(.text)
    SetSysClockTo72                          0x0800192d   Thumb Code   214  system_stm32f10x.o(.text)
    SetSysClock                              0x08001a03   Thumb Code     8  system_stm32f10x.o(.text)
    .text                                    0x08001b0c   Section        0  led.o(.text)
    .text                                    0x08001b78   Section        0  systick.o(.text)
    .text                                    0x08001c10   Section        0  usart.o(.text)
    .text                                    0x08001cd0   Section        0  i2c.o(.text)
    .text                                    0x08001fec   Section        0  memcpya.o(.text)
    .text                                    0x08002010   Section        0  fadd.o(.text)
    .text                                    0x080020c0   Section        0  dadd.o(.text)
    .text                                    0x0800220e   Section        0  dmul.o(.text)
    .text                                    0x080022f2   Section        0  ddiv.o(.text)
    .text                                    0x080023d0   Section        0  f2d.o(.text)
    .text                                    0x080023f6   Section        0  d2f.o(.text)
    .text                                    0x08002430   Section       20  cfcmple.o(.text)
    .text                                    0x08002444   Section        0  llshl.o(.text)
    .text                                    0x08002462   Section        0  llsshr.o(.text)
    .text                                    0x08002486   Section        0  fepilogue.o(.text)
    .text                                    0x08002486   Section        0  iusefp.o(.text)
    .text                                    0x080024f4   Section        0  fmul.o(.text)
    .text                                    0x08002558   Section        0  fdiv.o(.text)
    .text                                    0x080025d4   Section        0  depilogue.o(.text)
    .text                                    0x0800268e   Section        0  dscalb.o(.text)
    .text                                    0x080026bc   Section        0  dsqrt.o(.text)
    .text                                    0x08002760   Section       36  init.o(.text)
    .text                                    0x08002784   Section        0  llushr.o(.text)
    .text                                    0x080027a4   Section        0  fscalb.o(.text)
    .text                                    0x080027bc   Section        0  dflti.o(.text)
    .text                                    0x080027de   Section        0  dfltui.o(.text)
    .text                                    0x080027f8   Section        0  dfixi.o(.text)
    i.__ARM_fpclassify                       0x08002836   Section        0  fpclassify.o(i.__ARM_fpclassify)
    i.__ARM_fpclassifyf                      0x0800285e   Section        0  fpclassifyf.o(i.__ARM_fpclassifyf)
    i.__ieee754_rem_pio2                     0x08002884   Section        0  rred.o(i.__ieee754_rem_pio2)
    i.__kernel_cos                           0x08002c0c   Section        0  cos_i.o(i.__kernel_cos)
    i.__kernel_poly                          0x08002d08   Section        0  poly.o(i.__kernel_poly)
    i.__kernel_sin                           0x08002db4   Section        0  sin_i.o(i.__kernel_sin)
    i.__mathlib_dbl_infnan                   0x08002ea0   Section        0  dunder.o(i.__mathlib_dbl_infnan)
    i.__mathlib_dbl_invalid                  0x08002ea6   Section        0  dunder.o(i.__mathlib_dbl_invalid)
    i.__mathlib_dbl_underflow                0x08002eb4   Section        0  dunder.o(i.__mathlib_dbl_underflow)
    i.__mathlib_flt_infnan2                  0x08002ec4   Section        0  funder.o(i.__mathlib_flt_infnan2)
    i.__mathlib_flt_underflow                0x08002ec8   Section        0  funder.o(i.__mathlib_flt_underflow)
    i.__scatterload_copy                     0x08002ed2   Section       14  handlers.o(i.__scatterload_copy)
    i.__scatterload_null                     0x08002ee0   Section        2  handlers.o(i.__scatterload_null)
    i.__scatterload_zeroinit                 0x08002ee2   Section       14  handlers.o(i.__scatterload_zeroinit)
    i.__set_errno                            0x08002ef0   Section        0  errno.o(i.__set_errno)
    i.asin                                   0x08002efc   Section        0  asin.o(i.asin)
    i.atan2f                                 0x0800316c   Section        0  atan2f.o(i.atan2f)
    i.cos                                    0x080033c8   Section        0  cos.o(i.cos)
    i.sin                                    0x08003464   Section        0  sin.o(i.sin)
    i.sqrt                                   0x08003504   Section        0  sqrt.o(i.sqrt)
    .constdata                               0x08003550   Section      256  main.o(.constdata)
    mavlink_message_crcs                     0x08003550   Data         256  main.o(.constdata)
    .constdata                               0x08003650   Section       80  asin.o(.constdata)
    pS                                       0x08003650   Data          48  asin.o(.constdata)
    qS                                       0x08003680   Data          32  asin.o(.constdata)
    .constdata                               0x080036a0   Section       48  cos_i.o(.constdata)
    C                                        0x080036a0   Data          48  cos_i.o(.constdata)
    .constdata                               0x080036d0   Section      200  rred.o(.constdata)
    pio2s                                    0x080036d0   Data          48  rred.o(.constdata)
    twooverpi                                0x08003700   Data         152  rred.o(.constdata)
    .constdata                               0x08003798   Section       40  sin_i.o(.constdata)
    S                                        0x08003798   Data          40  sin_i.o(.constdata)
    .data                                    0x20000000   Section        2  stm32f10x_it.o(.data)
    .data                                    0x20000002   Section       20  stm32f10x_rcc.o(.data)
    APBAHBPrescTable                         0x20000002   Data          16  stm32f10x_rcc.o(.data)
    ADCPrescTable                            0x20000012   Data           4  stm32f10x_rcc.o(.data)
    .data                                    0x20000018   Section       20  system_stm32f10x.o(.data)
    .data                                    0x2000002c   Section        4  errno.o(.data)
    _errno                                   0x2000002c   Data           4  errno.o(.data)
    .bss                                     0x20000030   Section     1152  main.o(.bss)
    m_mavlink_status                         0x20000040   Data          48  main.o(.bss)
    m_mavlink_buffer                         0x20000070   Data        1088  main.o(.bss)
    STACK                                    0x200004b0   Section     1024  startup_stm32f10x_md.o(STACK)

    Global Symbols

    Symbol Name                              Value     Ov Type        Size  Object(Section)

    BuildAttributes$$THM_ISAv4$P$D$K$B$S$PE$A:L22UL41UL21$X:L11$S22US41US21$IEEE1$IW$USESV6$~STKCKD$USESV7$~SHL$OTIME$ROPI$IEEEX$EBA8$MICROLIB$REQ8$PRES8$EABIv2 0x00000000   Number         0  anon$$obj.o ABSOLUTE
    __ARM_use_no_argv                        0x00000000   Number         0  main.o ABSOLUTE
    __cpp_initialize__aeabi_                  - Undefined Weak Reference
    __cxa_finalize                            - Undefined Weak Reference
    __decompress                              - Undefined Weak Reference
    _clock_init                               - Undefined Weak Reference
    _microlib_exit                            - Undefined Weak Reference
    __Vectors_Size                           0x000000ec   Number         0  startup_stm32f10x_md.o ABSOLUTE
    __Vectors                                0x08000000   Data           4  startup_stm32f10x_md.o(RESET)
    __Vectors_End                            0x080000ec   Data           0  startup_stm32f10x_md.o(RESET)
    __main                                   0x080000ed   Thumb Code     0  entry.o(.ARM.Collect$$$$00000000)
    _main_stk                                0x080000ed   Thumb Code     0  entry2.o(.ARM.Collect$$$$00000001)
    _main_scatterload                        0x080000f1   Thumb Code     0  entry5.o(.ARM.Collect$$$$00000004)
    __main_after_scatterload                 0x080000f5   Thumb Code     0  entry5.o(.ARM.Collect$$$$00000004)
    _main_clock                              0x080000f5   Thumb Code     0  entry7b.o(.ARM.Collect$$$$00000008)
    _main_cpp_init                           0x080000f5   Thumb Code     0  entry8b.o(.ARM.Collect$$$$0000000A)
    _main_init                               0x080000f5   Thumb Code     0  entry9a.o(.ARM.Collect$$$$0000000B)
    __rt_final_cpp                           0x080000fd   Thumb Code     0  entry10a.o(.ARM.Collect$$$$0000000D)
    __rt_final_exit                          0x080000fd   Thumb Code     0  entry11a.o(.ARM.Collect$$$$0000000F)
    Reset_Handler                            0x08000101   Thumb Code     8  startup_stm32f10x_md.o(.text)
    ADC1_2_IRQHandler                        0x0800011b   Thumb Code     0  startup_stm32f10x_md.o(.text)
    CAN1_RX1_IRQHandler                      0x0800011b   Thumb Code     0  startup_stm32f10x_md.o(.text)
    CAN1_SCE_IRQHandler                      0x0800011b   Thumb Code     0  startup_stm32f10x_md.o(.text)
    DMA1_Channel1_IRQHandler                 0x0800011b   Thumb Code     0  startup_stm32f10x_md.o(.text)
    DMA1_Channel2_IRQHandler                 0x0800011b   Thumb Code     0  startup_stm32f10x_md.o(.text)
    DMA1_Channel3_IRQHandler                 0x0800011b   Thumb Code     0  startup_stm32f10x_md.o(.text)
    DMA1_Channel4_IRQHandler                 0x0800011b   Thumb Code     0  startup_stm32f10x_md.o(.text)
    DMA1_Channel5_IRQHandler                 0x0800011b   Thumb Code     0  startup_stm32f10x_md.o(.text)
    DMA1_Channel6_IRQHandler                 0x0800011b   Thumb Code     0  startup_stm32f10x_md.o(.text)
    DMA1_Channel7_IRQHandler                 0x0800011b   Thumb Code     0  startup_stm32f10x_md.o(.text)
    EXTI0_IRQHandler                         0x0800011b   Thumb Code     0  startup_stm32f10x_md.o(.text)
    EXTI15_10_IRQHandler                     0x0800011b   Thumb Code     0  startup_stm32f10x_md.o(.text)
    EXTI1_IRQHandler                         0x0800011b   Thumb Code     0  startup_stm32f10x_md.o(.text)
    EXTI2_IRQHandler                         0x0800011b   Thumb Code     0  startup_stm32f10x_md.o(.text)
    EXTI3_IRQHandler                         0x0800011b   Thumb Code     0  startup_stm32f10x_md.o(.text)
    EXTI4_IRQHandler                         0x0800011b   Thumb Code     0  startup_stm32f10x_md.o(.text)
    EXTI9_5_IRQHandler                       0x0800011b   Thumb Code     0  startup_stm32f10x_md.o(.text)
    FLASH_IRQHandler                         0x0800011b   Thumb Code     0  startup_stm32f10x_md.o(.text)
    I2C1_ER_IRQHandler                       0x0800011b   Thumb Code     0  startup_stm32f10x_md.o(.text)
    I2C1_EV_IRQHandler                       0x0800011b   Thumb Code     0  startup_stm32f10x_md.o(.text)
    I2C2_ER_IRQHandler                       0x0800011b   Thumb Code     0  startup_stm32f10x_md.o(.text)
    I2C2_EV_IRQHandler                       0x0800011b   Thumb Code     0  startup_stm32f10x_md.o(.text)
    PVD_IRQHandler                           0x0800011b   Thumb Code     0  startup_stm32f10x_md.o(.text)
    RCC_IRQHandler                           0x0800011b   Thumb Code     0  startup_stm32f10x_md.o(.text)
    RTCAlarm_IRQHandler                      0x0800011b   Thumb Code     0  startup_stm32f10x_md.o(.text)
    RTC_IRQHandler                           0x0800011b   Thumb Code     0  startup_stm32f10x_md.o(.text)
    SPI1_IRQHandler                          0x0800011b   Thumb Code     0  startup_stm32f10x_md.o(.text)
    SPI2_IRQHandler                          0x0800011b   Thumb Code     0  startup_stm32f10x_md.o(.text)
    TAMPER_IRQHandler                        0x0800011b   Thumb Code     0  startup_stm32f10x_md.o(.text)
    TIM1_BRK_IRQHandler                      0x0800011b   Thumb Code     0  startup_stm32f10x_md.o(.text)
    TIM1_CC_IRQHandler                       0x0800011b   Thumb Code     0  startup_stm32f10x_md.o(.text)
    TIM1_TRG_COM_IRQHandler                  0x0800011b   Thumb Code     0  startup_stm32f10x_md.o(.text)
    TIM1_UP_IRQHandler                       0x0800011b   Thumb Code     0  startup_stm32f10x_md.o(.text)
    TIM2_IRQHandler                          0x0800011b   Thumb Code     0  startup_stm32f10x_md.o(.text)
    TIM3_IRQHandler                          0x0800011b   Thumb Code     0  startup_stm32f10x_md.o(.text)
    TIM4_IRQHandler                          0x0800011b   Thumb Code     0  startup_stm32f10x_md.o(.text)
    USART1_IRQHandler                        0x0800011b   Thumb Code     0  startup_stm32f10x_md.o(.text)
    USART2_IRQHandler                        0x0800011b   Thumb Code     0  startup_stm32f10x_md.o(.text)
    USART3_IRQHandler                        0x0800011b   Thumb Code     0  startup_stm32f10x_md.o(.text)
    USBWakeUp_IRQHandler                     0x0800011b   Thumb Code     0  startup_stm32f10x_md.o(.text)
    USB_HP_CAN1_TX_IRQHandler                0x0800011b   Thumb Code     0  startup_stm32f10x_md.o(.text)
    USB_LP_CAN1_RX0_IRQHandler               0x0800011b   Thumb Code     0  startup_stm32f10x_md.o(.text)
    WWDG_IRQHandler                          0x0800011b   Thumb Code     0  startup_stm32f10x_md.o(.text)
    main                                     0x08000da5   Thumb Code    20  main.o(.text)
    KS_103_Test                              0x08000db9   Thumb Code    48  main.o(.text)
    NMI_Handler                              0x08000df5   Thumb Code     2  stm32f10x_it.o(.text)
    HardFault_Handler                        0x08000df7   Thumb Code     4  stm32f10x_it.o(.text)
    MemManage_Handler                        0x08000dfb   Thumb Code     4  stm32f10x_it.o(.text)
    BusFault_Handler                         0x08000dff   Thumb Code     4  stm32f10x_it.o(.text)
    UsageFault_Handler                       0x08000e03   Thumb Code     4  stm32f10x_it.o(.text)
    SVC_Handler                              0x08000e07   Thumb Code     2  stm32f10x_it.o(.text)
    DebugMon_Handler                         0x08000e09   Thumb Code     2  stm32f10x_it.o(.text)
    PendSV_Handler                           0x08000e0b   Thumb Code     2  stm32f10x_it.o(.text)
    SysTick_Handler                          0x08000e0d   Thumb Code    18  stm32f10x_it.o(.text)
    GPIO_DeInit                              0x08000e25   Thumb Code   172  stm32f10x_gpio.o(.text)
    GPIO_AFIODeInit                          0x08000ed1   Thumb Code    20  stm32f10x_gpio.o(.text)
    GPIO_Init                                0x08000ee5   Thumb Code   278  stm32f10x_gpio.o(.text)
    GPIO_StructInit                          0x08000ffb   Thumb Code    16  stm32f10x_gpio.o(.text)
    GPIO_ReadInputDataBit                    0x0800100b   Thumb Code    18  stm32f10x_gpio.o(.text)
    GPIO_ReadInputData                       0x0800101d   Thumb Code     8  stm32f10x_gpio.o(.text)
    GPIO_ReadOutputDataBit                   0x08001025   Thumb Code    18  stm32f10x_gpio.o(.text)
    GPIO_ReadOutputData                      0x08001037   Thumb Code     8  stm32f10x_gpio.o(.text)
    GPIO_SetBits                             0x0800103f   Thumb Code     4  stm32f10x_gpio.o(.text)
    GPIO_ResetBits                           0x08001043   Thumb Code     4  stm32f10x_gpio.o(.text)
    GPIO_WriteBit                            0x08001047   Thumb Code    10  stm32f10x_gpio.o(.text)
    GPIO_Write                               0x08001051   Thumb Code     4  stm32f10x_gpio.o(.text)
    GPIO_PinLockConfig                       0x08001055   Thumb Code    18  stm32f10x_gpio.o(.text)
    GPIO_EventOutputConfig                   0x08001067   Thumb Code    26  stm32f10x_gpio.o(.text)
    GPIO_EventOutputCmd                      0x08001081   Thumb Code     6  stm32f10x_gpio.o(.text)
    GPIO_PinRemapConfig                      0x08001087   Thumb Code   138  stm32f10x_gpio.o(.text)
    GPIO_EXTILineConfig                      0x08001111   Thumb Code    66  stm32f10x_gpio.o(.text)
    GPIO_ETH_MediaInterfaceConfig            0x08001153   Thumb Code     8  stm32f10x_gpio.o(.text)
    RCC_DeInit                               0x08001181   Thumb Code    64  stm32f10x_rcc.o(.text)
    RCC_HSEConfig                            0x080011c1   Thumb Code    70  stm32f10x_rcc.o(.text)
    RCC_GetFlagStatus                        0x08001207   Thumb Code    56  stm32f10x_rcc.o(.text)
    RCC_WaitForHSEStartUp                    0x0800123f   Thumb Code    56  stm32f10x_rcc.o(.text)
    RCC_AdjustHSICalibrationValue            0x08001277   Thumb Code    20  stm32f10x_rcc.o(.text)
    RCC_HSICmd                               0x0800128b   Thumb Code     6  stm32f10x_rcc.o(.text)
    RCC_PLLConfig                            0x08001291   Thumb Code    24  stm32f10x_rcc.o(.text)
    RCC_PLLCmd                               0x080012a9   Thumb Code     6  stm32f10x_rcc.o(.text)
    RCC_SYSCLKConfig                         0x080012af   Thumb Code    18  stm32f10x_rcc.o(.text)
    RCC_GetSYSCLKSource                      0x080012c1   Thumb Code    10  stm32f10x_rcc.o(.text)
    RCC_HCLKConfig                           0x080012cb   Thumb Code    18  stm32f10x_rcc.o(.text)
    RCC_PCLK1Config                          0x080012dd   Thumb Code    18  stm32f10x_rcc.o(.text)
    RCC_PCLK2Config                          0x080012ef   Thumb Code    20  stm32f10x_rcc.o(.text)
    RCC_ITConfig                             0x08001303   Thumb Code    26  stm32f10x_rcc.o(.text)
    RCC_USBCLKConfig                         0x0800131d   Thumb Code     8  stm32f10x_rcc.o(.text)
    RCC_ADCCLKConfig                         0x08001325   Thumb Code    18  stm32f10x_rcc.o(.text)
    RCC_LSEConfig                            0x08001337   Thumb Code    50  stm32f10x_rcc.o(.text)
    RCC_LSICmd                               0x08001369   Thumb Code     6  stm32f10x_rcc.o(.text)
    RCC_RTCCLKConfig                         0x0800136f   Thumb Code    12  stm32f10x_rcc.o(.text)
    RCC_RTCCLKCmd                            0x0800137b   Thumb Code     8  stm32f10x_rcc.o(.text)
    RCC_GetClocksFreq                        0x08001383   Thumb Code   192  stm32f10x_rcc.o(.text)
    RCC_AHBPeriphClockCmd                    0x08001443   Thumb Code    26  stm32f10x_rcc.o(.text)
    RCC_APB2PeriphClockCmd                   0x0800145d   Thumb Code    26  stm32f10x_rcc.o(.text)
    RCC_APB1PeriphClockCmd                   0x08001477   Thumb Code    26  stm32f10x_rcc.o(.text)
    RCC_APB2PeriphResetCmd                   0x08001491   Thumb Code    26  stm32f10x_rcc.o(.text)
    RCC_APB1PeriphResetCmd                   0x080014ab   Thumb Code    26  stm32f10x_rcc.o(.text)
    RCC_BackupResetCmd                       0x080014c5   Thumb Code     8  stm32f10x_rcc.o(.text)
    RCC_ClockSecuritySystemCmd               0x080014cd   Thumb Code     6  stm32f10x_rcc.o(.text)
    RCC_MCOConfig                            0x080014d3   Thumb Code     6  stm32f10x_rcc.o(.text)
    RCC_ClearFlag                            0x080014d9   Thumb Code    14  stm32f10x_rcc.o(.text)
    RCC_GetITStatus                          0x080014e7   Thumb Code    20  stm32f10x_rcc.o(.text)
    RCC_ClearITPendingBit                    0x080014fb   Thumb Code     6  stm32f10x_rcc.o(.text)
    USART_DeInit                             0x08001525   Thumb Code   134  stm32f10x_usart.o(.text)
    USART_Init                               0x080015ab   Thumb Code   210  stm32f10x_usart.o(.text)
    USART_StructInit                         0x0800167d   Thumb Code    24  stm32f10x_usart.o(.text)
    USART_ClockInit                          0x08001695   Thumb Code    34  stm32f10x_usart.o(.text)
    USART_ClockStructInit                    0x080016b7   Thumb Code    12  stm32f10x_usart.o(.text)
    USART_Cmd                                0x080016c3   Thumb Code    24  stm32f10x_usart.o(.text)
    USART_ITConfig                           0x080016db   Thumb Code    74  stm32f10x_usart.o(.text)
    USART_DMACmd                             0x08001725   Thumb Code    18  stm32f10x_usart.o(.text)
    USART_SetAddress                         0x08001737   Thumb Code    18  stm32f10x_usart.o(.text)
    USART_WakeUpConfig                       0x08001749   Thumb Code    18  stm32f10x_usart.o(.text)
    USART_ReceiverWakeUpCmd                  0x0800175b   Thumb Code    24  stm32f10x_usart.o(.text)
    USART_LINBreakDetectLengthConfig         0x08001773   Thumb Code    18  stm32f10x_usart.o(.text)
    USART_LINCmd                             0x08001785   Thumb Code    24  stm32f10x_usart.o(.text)
    USART_SendData                           0x0800179d   Thumb Code     8  stm32f10x_usart.o(.text)
    USART_ReceiveData                        0x080017a5   Thumb Code    10  stm32f10x_usart.o(.text)
    USART_SendBreak                          0x080017af   Thumb Code    10  stm32f10x_usart.o(.text)
    USART_SetGuardTime                       0x080017b9   Thumb Code    16  stm32f10x_usart.o(.text)
    USART_SetPrescaler                       0x080017c9   Thumb Code    16  stm32f10x_usart.o(.text)
    USART_SmartCardCmd                       0x080017d9   Thumb Code    24  stm32f10x_usart.o(.text)
    USART_SmartCardNACKCmd                   0x080017f1   Thumb Code    24  stm32f10x_usart.o(.text)
    USART_HalfDuplexCmd                      0x08001809   Thumb Code    24  stm32f10x_usart.o(.text)
    USART_OverSampling8Cmd                   0x08001821   Thumb Code    22  stm32f10x_usart.o(.text)
    USART_OneBitMethodCmd                    0x08001837   Thumb Code    24  stm32f10x_usart.o(.text)
    USART_IrDAConfig                         0x0800184f   Thumb Code    18  stm32f10x_usart.o(.text)
    USART_IrDACmd                            0x08001861   Thumb Code    24  stm32f10x_usart.o(.text)
    USART_GetFlagStatus                      0x08001879   Thumb Code    26  stm32f10x_usart.o(.text)
    USART_ClearFlag                          0x08001893   Thumb Code    18  stm32f10x_usart.o(.text)
    USART_GetITStatus                        0x080018a5   Thumb Code    84  stm32f10x_usart.o(.text)
    USART_ClearITPendingBit                  0x080018f9   Thumb Code    52  stm32f10x_usart.o(.text)
    SystemInit                               0x08001a0b   Thumb Code    78  system_stm32f10x.o(.text)
    SystemCoreClockUpdate                    0x08001a59   Thumb Code   142  system_stm32f10x.o(.text)
    LED_GPIO_Config                          0x08001b0d   Thumb Code    40  led.o(.text)
    LEDXToggle                               0x08001b35   Thumb Code    58  led.o(.text)
    SYSTICK_Init                             0x08001b79   Thumb Code    90  systick.o(.text)
    delay_us                                 0x08001bd3   Thumb Code    16  systick.o(.text)
    delay_ms                                 0x08001be3   Thumb Code    26  systick.o(.text)
    USART1_Config                            0x08001c11   Thumb Code   152  usart.o(.text)
    fputc                                    0x08001ca9   Thumb Code    32  usart.o(.text)
    I2C_Configuration                        0x08001cd1   Thumb Code    64  i2c.o(.text)
    I2C_Start                                0x08001d11   Thumb Code    84  i2c.o(.text)
    I2C_Stop                                 0x08001d65   Thumb Code    60  i2c.o(.text)
    I2C_Ack                                  0x08001da1   Thumb Code    60  i2c.o(.text)
    I2C_NoAck                                0x08001ddd   Thumb Code    60  i2c.o(.text)
    I2C_WaitAck                              0x08001e19   Thumb Code    78  i2c.o(.text)
    I2C_SendByte                             0x08001e67   Thumb Code    90  i2c.o(.text)
    I2C_ReceiveByte                          0x08001ec1   Thumb Code    84  i2c.o(.text)
    I2C_WriteByte                            0x08001f15   Thumb Code    80  i2c.o(.text)
    I2C_ReadByte                             0x08001f65   Thumb Code   132  i2c.o(.text)
    __aeabi_memcpy                           0x08001fed   Thumb Code    36  memcpya.o(.text)
    __aeabi_memcpy4                          0x08001fed   Thumb Code     0  memcpya.o(.text)
    __aeabi_memcpy8                          0x08001fed   Thumb Code     0  memcpya.o(.text)
    __aeabi_fadd                             0x08002011   Thumb Code   164  fadd.o(.text)
    __aeabi_fsub                             0x080020b5   Thumb Code     6  fadd.o(.text)
    __aeabi_frsub                            0x080020bb   Thumb Code     6  fadd.o(.text)
    __aeabi_dadd                             0x080020c1   Thumb Code   322  dadd.o(.text)
    __aeabi_dsub                             0x08002203   Thumb Code     6  dadd.o(.text)
    __aeabi_drsub                            0x08002209   Thumb Code     6  dadd.o(.text)
    __aeabi_dmul                             0x0800220f   Thumb Code   228  dmul.o(.text)
    __aeabi_ddiv                             0x080022f3   Thumb Code   222  ddiv.o(.text)
    __aeabi_f2d                              0x080023d1   Thumb Code    38  f2d.o(.text)
    __aeabi_d2f                              0x080023f7   Thumb Code    56  d2f.o(.text)
    __aeabi_cfcmpeq                          0x08002431   Thumb Code     0  cfcmple.o(.text)
    __aeabi_cfcmple                          0x08002431   Thumb Code    20  cfcmple.o(.text)
    __aeabi_llsl                             0x08002445   Thumb Code    30  llshl.o(.text)
    _ll_shift_l                              0x08002445   Thumb Code     0  llshl.o(.text)
    __aeabi_lasr                             0x08002463   Thumb Code    36  llsshr.o(.text)
    _ll_sshift_r                             0x08002463   Thumb Code     0  llsshr.o(.text)
    __I$use$fp                               0x08002487   Thumb Code     0  iusefp.o(.text)
    _float_round                             0x08002487   Thumb Code    18  fepilogue.o(.text)
    _float_epilogue                          0x08002499   Thumb Code    92  fepilogue.o(.text)
    __aeabi_fmul                             0x080024f5   Thumb Code   100  fmul.o(.text)
    __aeabi_fdiv                             0x08002559   Thumb Code   124  fdiv.o(.text)
    _double_round                            0x080025d5   Thumb Code    30  depilogue.o(.text)
    _double_epilogue                         0x080025f3   Thumb Code   156  depilogue.o(.text)
    __ARM_scalbn                             0x0800268f   Thumb Code    46  dscalb.o(.text)
    scalbn                                   0x0800268f   Thumb Code     0  dscalb.o(.text)
    _dsqrt                                   0x080026bd   Thumb Code   162  dsqrt.o(.text)
    __scatterload                            0x08002761   Thumb Code    28  init.o(.text)
    __scatterload_rt2                        0x08002761   Thumb Code     0  init.o(.text)
    __aeabi_llsr                             0x08002785   Thumb Code    32  llushr.o(.text)
    _ll_ushift_r                             0x08002785   Thumb Code     0  llushr.o(.text)
    __ARM_scalbnf                            0x080027a5   Thumb Code    24  fscalb.o(.text)
    scalbnf                                  0x080027a5   Thumb Code     0  fscalb.o(.text)
    __aeabi_i2d                              0x080027bd   Thumb Code    34  dflti.o(.text)
    __aeabi_ui2d                             0x080027df   Thumb Code    26  dfltui.o(.text)
    __aeabi_d2iz                             0x080027f9   Thumb Code    62  dfixi.o(.text)
    __ARM_fpclassify                         0x08002837   Thumb Code    40  fpclassify.o(i.__ARM_fpclassify)
    __ARM_fpclassifyf                        0x0800285f   Thumb Code    38  fpclassifyf.o(i.__ARM_fpclassifyf)
    __ieee754_rem_pio2                       0x08002885   Thumb Code   828  rred.o(i.__ieee754_rem_pio2)
    __kernel_cos                             0x08002c0d   Thumb Code   230  cos_i.o(i.__kernel_cos)
    __kernel_poly                            0x08002d09   Thumb Code   170  poly.o(i.__kernel_poly)
    __kernel_sin                             0x08002db5   Thumb Code   224  sin_i.o(i.__kernel_sin)
    __mathlib_dbl_infnan                     0x08002ea1   Thumb Code     6  dunder.o(i.__mathlib_dbl_infnan)
    __mathlib_dbl_invalid                    0x08002ea7   Thumb Code    12  dunder.o(i.__mathlib_dbl_invalid)
    __mathlib_dbl_underflow                  0x08002eb5   Thumb Code    10  dunder.o(i.__mathlib_dbl_underflow)
    __mathlib_flt_infnan2                    0x08002ec5   Thumb Code     4  funder.o(i.__mathlib_flt_infnan2)
    __mathlib_flt_underflow                  0x08002ec9   Thumb Code    10  funder.o(i.__mathlib_flt_underflow)
    __scatterload_copy                       0x08002ed3   Thumb Code    14  handlers.o(i.__scatterload_copy)
    __scatterload_null                       0x08002ee1   Thumb Code     2  handlers.o(i.__scatterload_null)
    __scatterload_zeroinit                   0x08002ee3   Thumb Code    14  handlers.o(i.__scatterload_zeroinit)
    __set_errno                              0x08002ef1   Thumb Code     6  errno.o(i.__set_errno)
    asin                                     0x08002efd   Thumb Code   572  asin.o(i.asin)
    atan2f                                   0x0800316d   Thumb Code   528  atan2f.o(i.atan2f)
    cos                                      0x080033c9   Thumb Code   148  cos.o(i.cos)
    sin                                      0x08003465   Thumb Code   150  sin.o(i.sin)
    sqrt                                     0x08003505   Thumb Code    76  sqrt.o(i.sqrt)
    Region$$Table$$Base                      0x080037c0   Number         0  anon$$obj.o(Region$$Table)
    Region$$Table$$Limit                     0x080037e0   Number         0  anon$$obj.o(Region$$Table)
    nTime                                    0x20000000   Data           2  stm32f10x_it.o(.data)
    SystemCoreClock                          0x20000018   Data           4  system_stm32f10x.o(.data)
    AHBPrescTable                            0x2000001c   Data          16  system_stm32f10x.o(.data)
    distance                                 0x20000030   Data          16  main.o(.bss)
    __initial_sp                             0x200008b0   Data           0  startup_stm32f10x_md.o(STACK)



==============================================================================

Memory Map of the image

  Image Entry point : 0x080000ed

  Load Region LR_IROM1 (Base: 0x08000000, Size: 0x00003810, Max: 0x00080000, ABSOLUTE)

    Execution Region ER_IROM1 (Base: 0x08000000, Size: 0x000037e0, Max: 0x00080000, ABSOLUTE)

    Base Addr    Size         Type   Attr      Idx    E Section Name        Object

    0x08000000   0x000000ec   Data   RO            3    RESET               startup_stm32f10x_md.o
    0x080000ec   0x00000000   Code   RO          957  * .ARM.Collect$$$$00000000  mc_w.l(entry.o)
    0x080000ec   0x00000004   Code   RO         1026    .ARM.Collect$$$$00000001  mc_w.l(entry2.o)
    0x080000f0   0x00000004   Code   RO         1029    .ARM.Collect$$$$00000004  mc_w.l(entry5.o)
    0x080000f4   0x00000000   Code   RO         1031    .ARM.Collect$$$$00000008  mc_w.l(entry7b.o)
    0x080000f4   0x00000000   Code   RO         1033    .ARM.Collect$$$$0000000A  mc_w.l(entry8b.o)
    0x080000f4   0x00000008   Code   RO         1034    .ARM.Collect$$$$0000000B  mc_w.l(entry9a.o)
    0x080000fc   0x00000000   Code   RO         1036    .ARM.Collect$$$$0000000D  mc_w.l(entry10a.o)
    0x080000fc   0x00000000   Code   RO         1038    .ARM.Collect$$$$0000000F  mc_w.l(entry11a.o)
    0x080000fc   0x00000004   Code   RO         1027    .ARM.Collect$$$$00002712  mc_w.l(entry2.o)
    0x08000100   0x00000024   Code   RO            4    .text               startup_stm32f10x_md.o
    0x08000124   0x00000cd0   Code   RO           10    .text               main.o
    0x08000df4   0x00000030   Code   RO          514    .text               stm32f10x_it.o
    0x08000e24   0x0000035c   Code   RO          679    .text               stm32f10x_gpio.o
    0x08001180   0x000003a4   Code   RO          727    .text               stm32f10x_rcc.o
    0x08001524   0x00000408   Code   RO          789    .text               stm32f10x_usart.o
    0x0800192c   0x000001e0   Code   RO          813    .text               system_stm32f10x.o
    0x08001b0c   0x0000006c   Code   RO          850    .text               led.o
    0x08001b78   0x00000098   Code   RO          862    .text               systick.o
    0x08001c10   0x000000c0   Code   RO          879    .text               usart.o
    0x08001cd0   0x0000031c   Code   RO          891    .text               i2c.o
    0x08001fec   0x00000024   Code   RO          960    .text               mc_w.l(memcpya.o)
    0x08002010   0x000000b0   Code   RO          964    .text               mf_w.l(fadd.o)
    0x080020c0   0x0000014e   Code   RO          966    .text               mf_w.l(dadd.o)
    0x0800220e   0x000000e4   Code   RO          968    .text               mf_w.l(dmul.o)
    0x080022f2   0x000000de   Code   RO          970    .text               mf_w.l(ddiv.o)
    0x080023d0   0x00000026   Code   RO          972    .text               mf_w.l(f2d.o)
    0x080023f6   0x00000038   Code   RO          974    .text               mf_w.l(d2f.o)
    0x0800242e   0x00000002   PAD
    0x08002430   0x00000014   Code   RO          976    .text               mf_w.l(cfcmple.o)
    0x08002444   0x0000001e   Code   RO         1040    .text               mc_w.l(llshl.o)
    0x08002462   0x00000024   Code   RO         1042    .text               mc_w.l(llsshr.o)
    0x08002486   0x00000000   Code   RO         1051    .text               mc_w.l(iusefp.o)
    0x08002486   0x0000006e   Code   RO         1052    .text               mf_w.l(fepilogue.o)
    0x080024f4   0x00000064   Code   RO         1054    .text               mf_w.l(fmul.o)
    0x08002558   0x0000007c   Code   RO         1056    .text               mf_w.l(fdiv.o)
    0x080025d4   0x000000ba   Code   RO         1058    .text               mf_w.l(depilogue.o)
    0x0800268e   0x0000002e   Code   RO         1060    .text               mf_w.l(dscalb.o)
    0x080026bc   0x000000a2   Code   RO         1062    .text               mf_w.l(dsqrt.o)
    0x0800275e   0x00000002   PAD
    0x08002760   0x00000024   Code   RO         1066    .text               mc_w.l(init.o)
    0x08002784   0x00000020   Code   RO         1068    .text               mc_w.l(llushr.o)
    0x080027a4   0x00000018   Code   RO         1070    .text               mf_w.l(fscalb.o)
    0x080027bc   0x00000022   Code   RO         1072    .text               mf_w.l(dflti.o)
    0x080027de   0x0000001a   Code   RO         1074    .text               mf_w.l(dfltui.o)
    0x080027f8   0x0000003e   Code   RO         1076    .text               mf_w.l(dfixi.o)
    0x08002836   0x00000028   Code   RO          995    i.__ARM_fpclassify  m_ws.l(fpclassify.o)
    0x0800285e   0x00000026   Code   RO          997    i.__ARM_fpclassifyf  m_ws.l(fpclassifyf.o)
    0x08002884   0x00000388   Code   RO         1015    i.__ieee754_rem_pio2  m_ws.l(rred.o)
    0x08002c0c   0x000000fc   Code   RO          978    i.__kernel_cos      m_ws.l(cos_i.o)
    0x08002d08   0x000000aa   Code   RO         1013    i.__kernel_poly     m_ws.l(poly.o)
    0x08002db2   0x00000002   PAD
    0x08002db4   0x000000ec   Code   RO         1020    i.__kernel_sin      m_ws.l(sin_i.o)
    0x08002ea0   0x00000006   Code   RO          982    i.__mathlib_dbl_infnan  m_ws.l(dunder.o)
    0x08002ea6   0x0000000c   Code   RO          984    i.__mathlib_dbl_invalid  m_ws.l(dunder.o)
    0x08002eb2   0x00000002   PAD
    0x08002eb4   0x00000010   Code   RO          987    i.__mathlib_dbl_underflow  m_ws.l(dunder.o)
    0x08002ec4   0x00000004   Code   RO         1001    i.__mathlib_flt_infnan2  m_ws.l(funder.o)
    0x08002ec8   0x0000000a   Code   RO         1005    i.__mathlib_flt_underflow  m_ws.l(funder.o)
    0x08002ed2   0x0000000e   Code   RO         1080    i.__scatterload_copy  mc_w.l(handlers.o)
    0x08002ee0   0x00000002   Code   RO         1081    i.__scatterload_null  mc_w.l(handlers.o)
    0x08002ee2   0x0000000e   Code   RO         1082    i.__scatterload_zeroinit  mc_w.l(handlers.o)
    0x08002ef0   0x0000000c   Code   RO         1046    i.__set_errno       mc_w.l(errno.o)
    0x08002efc   0x00000270   Code   RO          916    i.asin              m_ws.l(asin.o)
    0x0800316c   0x0000025c   Code   RO          926    i.atan2f            m_ws.l(atan2f.o)
    0x080033c8   0x0000009c   Code   RO          934    i.cos               m_ws.l(cos.o)
    0x08003464   0x000000a0   Code   RO          942    i.sin               m_ws.l(sin.o)
    0x08003504   0x0000004c   Code   RO          950    i.sqrt              m_ws.l(sqrt.o)
    0x08003550   0x00000100   Data   RO           12    .constdata          main.o
    0x08003650   0x00000050   Data   RO          917    .constdata          m_ws.l(asin.o)
    0x080036a0   0x00000030   Data   RO          979    .constdata          m_ws.l(cos_i.o)
    0x080036d0   0x000000c8   Data   RO         1017    .constdata          m_ws.l(rred.o)
    0x08003798   0x00000028   Data   RO         1021    .constdata          m_ws.l(sin_i.o)
    0x080037c0   0x00000020   Data   RO         1078    Region$$Table       anon$$obj.o


    Execution Region RW_IRAM1 (Base: 0x20000000, Size: 0x000008b0, Max: 0x00010000, ABSOLUTE)

    Base Addr    Size         Type   Attr      Idx    E Section Name        Object

    0x20000000   0x00000002   Data   RW          515    .data               stm32f10x_it.o
    0x20000002   0x00000014   Data   RW          728    .data               stm32f10x_rcc.o
    0x20000016   0x00000002   PAD
    0x20000018   0x00000014   Data   RW          814    .data               system_stm32f10x.o
    0x2000002c   0x00000004   Data   RW         1047    .data               mc_w.l(errno.o)
    0x20000030   0x00000480   Zero   RW           11    .bss                main.o
    0x200004b0   0x00000400   Zero   RW            1    STACK               startup_stm32f10x_md.o


==============================================================================

Image component sizes


      Code (inc. data)   RO Data    RW Data    ZI Data      Debug   Object Name

       796          4          0          0          0       2989   i2c.o
       108         10          0          0          0        681   led.o
      3280         36        256          0       1152     244966   main.o
        36          8        236          0       1024        928   startup_stm32f10x_md.o
       860         38          0          0          0       5757   stm32f10x_gpio.o
        48          6          0          2          0       1466   stm32f10x_it.o
       932         36          0         20          0       8944   stm32f10x_rcc.o
      1032         22          0          0          0       8480   stm32f10x_usart.o
       480         38          0         20          0       2043   system_stm32f10x.o
       152         20          0          0          0      16200   systick.o
       192          8          0          0          0        814   usart.o

    ----------------------------------------------------------------------
      7916        226        524         44       2176     293268   Object Totals
         0          0         32          0          0          0   (incl. Generated)
         0          0          0          2          0          0   (incl. Padding)

    ----------------------------------------------------------------------

      Code (inc. data)   RO Data    RW Data    ZI Data      Debug   Library Member Name

       624         52         80          0          0        168   asin.o
       604         76          0          0          0        116   atan2f.o
       156          8          0          0          0        104   cos.o
       252         22         48          0          0        124   cos_i.o
        34          6          0          0          0        204   dunder.o
        40          0          0          0          0         68   fpclassify.o
        38          0          0          0          0         68   fpclassifyf.o
        14          0          0          0          0        136   funder.o
       170          0          0          0          0         96   poly.o
       904         76        200          0          0        140   rred.o
       160         10          0          0          0        108   sin.o
       236         12         40          0          0        128   sin_i.o
        76          0          0          0          0         84   sqrt.o
         0          0          0          0          0          0   entry.o
         0          0          0          0          0          0   entry10a.o
         0          0          0          0          0          0   entry11a.o
         8          4          0          0          0          0   entry2.o
         4          0          0          0          0          0   entry5.o
         0          0          0          0          0          0   entry7b.o
         0          0          0          0          0          0   entry8b.o
         8          4          0          0          0          0   entry9a.o
        12          6          0          4          0         68   errno.o
        30          0          0          0          0          0   handlers.o
        36          8          0          0          0         68   init.o
         0          0          0          0          0          0   iusefp.o
        30          0          0          0          0         68   llshl.o
        36          0          0          0          0         68   llsshr.o
        32          0          0          0          0         68   llushr.o
        36          0          0          0          0         68   memcpya.o
        20          0          0          0          0         68   cfcmple.o
        56          0          0          0          0         88   d2f.o
       334          0          0          0          0        148   dadd.o
       222          0          0          0          0        100   ddiv.o
       186          0          0          0          0        176   depilogue.o
        62          0          0          0          0         80   dfixi.o
        34          0          0          0          0         76   dflti.o
        26          0          0          0          0         76   dfltui.o
       228          0          0          0          0         96   dmul.o
        46          0          0          0          0         80   dscalb.o
       162          0          0          0          0        100   dsqrt.o
        38          0          0          0          0         68   f2d.o
       176          0          0          0          0        140   fadd.o
       124          0          0          0          0         88   fdiv.o
       110          0          0          0          0        168   fepilogue.o
       100          0          0          0          0         76   fmul.o
        24          0          0          0          0         68   fscalb.o

    ----------------------------------------------------------------------
      5496        284        368          4          0       3648   Library Totals
         8          0          0          0          0          0   (incl. Padding)

    ----------------------------------------------------------------------

      Code (inc. data)   RO Data    RW Data    ZI Data      Debug   Library Name

      3308        262        368          0          0       1544   m_ws.l
       232         22          0          4          0        408   mc_w.l
      1948          0          0          0          0       1696   mf_w.l

    ----------------------------------------------------------------------
      5496        284        368          4          0       3648   Library Totals

    ----------------------------------------------------------------------

==============================================================================


      Code (inc. data)   RO Data    RW Data    ZI Data      Debug   

     13412        510        892         48       2176     294312   Grand Totals
     13412        510        892         48       2176     294312   ELF Image Totals
     13412        510        892         48          0          0   ROM Totals

==============================================================================

    Total RO  Size (Code + RO Data)                14304 (  13.97kB)
    Total RW  Size (RW Data + ZI Data)              2224 (   2.17kB)
    Total ROM Size (Code + RO Data + RW Data)      14352 (  14.02kB)

==============================================================================

